{
  "version": 1,
  "rootIds": [
    "jp-root"
  ],
  "nodes": {
    "jp-root": {
      "id": "jp-root",
      "parentId": null,
      "children": [
        "vocabulary",
        "grammar",
        "conjugation",
        "sentences",
        "culture"
      ],
      "text": "日语学习笔记",
      "tags": [],
      "collapsed": false,
      "checked": null,
      "subtext": "词汇・语法・句子解析・复习",
      "images": []
    },
    "vocabulary": {
      "id": "vocabulary",
      "parentId": "jp-root",
      "children": [
        "ningyou",
        "annai",
        "angai"
      ],
      "text": "词汇",
      "tags": [],
      "collapsed": false,
      "checked": null,
      "subtext": "",
      "images": []
    },
    "ningyou": {
      "id": "ningyou",
      "parentId": "vocabulary",
      "children": [
        "figure",
        "nuigurumi"
      ],
      "text": "人形（にんぎょう）：人偶、玩偶",
      "tags": [],
      "collapsed": false,
      "checked": null,
      "subtext": "普通“人偶”的通用说法",
      "images": []
    },
    "figure": {
      "id": "figure",
      "parentId": "ningyou",
      "children": [],
      "text": "フィギュア：动漫或游戏手办",
      "tags": [],
      "collapsed": false,
      "checked": null,
      "subtext": "",
      "images": []
    },
    "nuigurumi": {
      "id": "nuigurumi",
      "parentId": "ningyou",
      "children": [],
      "text": "ぬいぐるみ：毛绒玩偶",
      "tags": [],
      "collapsed": false,
      "checked": null,
      "subtext": "",
      "images": []
    },
    "annai": {
      "id": "annai",
      "parentId": "vocabulary",
      "children": [],
      "text": "案内（あんない）：引导、带路、介绍",
      "tags": [],
      "collapsed": false,
      "checked": null,
      "subtext": "道を案内する：带路",
      "images": []
    },
    "angai": {
      "id": "angai",
      "parentId": "vocabulary",
      "children": [],
      "text": "案外（あんがい）：意外地、没想到",
      "tags": [],
      "collapsed": false,
      "checked": null,
      "subtext": "案外簡単だった：没想到还挺简单",
      "images": []
    },
    "grammar": {
      "id": "grammar",
      "parentId": "jp-root",
      "children": [
        "temiru",
        "naitoikenai",
        "tekureru",
        "teshimau",
        "younimieru",
        "kamoshirenai",
        "nanda",
        "monode"
      ],
      "text": "语法",
      "tags": [],
      "collapsed": false,
      "checked": null,
      "subtext": "",
      "images": []
    },
    "temiru": {
      "id": "temiru",
      "parentId": "grammar",
      "children": [],
      "text": "～てみる：试着做……",
      "tags": [],
      "collapsed": false,
      "checked": null,
      "subtext": "リサーチしてみる：试着调查一下",
      "images": []
    },
    "naitoikenai": {
      "id": "naitoikenai",
      "parentId": "grammar",
      "children": [],
      "text": "～ないといけない：必须……",
      "tags": [],
      "collapsed": false,
      "checked": null,
      "subtext": "如果不做就不行；口语：～ないと／～なきゃ",
      "images": []
    },
    "tekureru": {
      "id": "tekureru",
      "parentId": "grammar",
      "children": [],
      "text": "～てくれる：别人为我方做某事",
      "tags": [],
      "collapsed": false,
      "checked": null,
      "subtext": "聞いてくれてサンキュー：谢谢你问我／听我说",
      "images": []
    },
    "teshimau": {
      "id": "teshimau",
      "parentId": "grammar",
      "children": [],
      "text": "～てしまう：不由得……／做完了",
      "tags": [],
      "collapsed": false,
      "checked": null,
      "subtext": "口语：～ちゃう；興奮してしまって → 興奮しちゃって",
      "images": []
    },
    "younimieru": {
      "id": "younimieru",
      "parentId": "grammar",
      "children": [],
      "text": "～ように見える：看起来像……",
      "tags": [],
      "collapsed": false,
      "checked": null,
      "subtext": "ふざけてるように見える：看起来像在开玩笑",
      "images": []
    },
    "kamoshirenai": {
      "id": "kamoshirenai",
      "parentId": "grammar",
      "children": [],
      "text": "～かもしれない：也许、可能",
      "tags": [],
      "collapsed": false,
      "checked": null,
      "subtext": "",
      "images": []
    },
    "nanda": {
      "id": "nanda",
      "parentId": "grammar",
      "children": [],
      "text": "～んだ／～なんだ：解释或强调",
      "tags": [],
      "collapsed": false,
      "checked": null,
      "subtext": "この想いは本気なんだ：这份心意是认真的",
      "images": []
    },
    "monode": {
      "id": "monode",
      "parentId": "grammar",
      "children": [],
      "text": "～もので：委婉说明原因",
      "tags": [],
      "collapsed": false,
      "checked": null,
      "subtext": "口语形式：～もんで",
      "images": []
    },
    "conjugation": {
      "id": "conjugation",
      "parentId": "jp-root",
      "children": [
        "kuru"
      ],
      "text": "动词变形",
      "tags": [],
      "collapsed": false,
      "checked": null,
      "subtext": "",
      "images": []
    },
    "kuru": {
      "id": "kuru",
      "parentId": "conjugation",
      "children": [
        "kita",
        "kite",
        "konai",
        "kimasu"
      ],
      "text": "来る（くる）：不规则动词",
      "tags": [],
      "collapsed": false,
      "checked": null,
      "subtext": "变形时读音会变化",
      "images": []
    },
    "kita": {
      "id": "kita",
      "parentId": "kuru",
      "children": [],
      "text": "来た（きた）：来了",
      "tags": [],
      "collapsed": false,
      "checked": null,
      "subtext": "",
      "images": []
    },
    "kite": {
      "id": "kite",
      "parentId": "kuru",
      "children": [],
      "text": "来て（きて）：て形",
      "tags": [],
      "collapsed": false,
      "checked": null,
      "subtext": "",
      "images": []
    },
    "konai": {
      "id": "konai",
      "parentId": "kuru",
      "children": [],
      "text": "来ない（こない）：不来",
      "tags": [],
      "collapsed": false,
      "checked": null,
      "subtext": "",
      "images": []
    },
    "kimasu": {
      "id": "kimasu",
      "parentId": "kuru",
      "children": [],
      "text": "来ます（きます）：礼貌形",
      "tags": [],
      "collapsed": false,
      "checked": null,
      "subtext": "",
      "images": []
    },
    "sentences": {
      "id": "sentences",
      "parentId": "jp-root",
      "children": [
        "sentence-value",
        "sentence-human-value",
        "sentence-neighborhood",
        "sentence-research"
      ],
      "text": "句子解析",
      "tags": [],
      "collapsed": false,
      "checked": null,
      "subtext": "",
      "images": []
    },
    "sentence-value": {
      "id": "sentence-value",
      "parentId": "sentences",
      "children": [],
      "text": "価値がなければ、生きていても意味がない。",
      "tags": [],
      "collapsed": false,
      "checked": null,
      "subtext": "如果没有价值，即使活着也没有意义。～なければ／～ても",
      "images": []
    },
    "sentence-human-value": {
      "id": "sentence-human-value",
      "parentId": "sentences",
      "children": [],
      "text": "克服できない僕に、人間としての価値はあるのか？",
      "tags": [],
      "collapsed": false,
      "checked": null,
      "subtext": "无法克服它的我，还有作为人的价值吗？",
      "images": []
    },
    "sentence-neighborhood": {
      "id": "sentence-neighborhood",
      "parentId": "sentences",
      "children": [],
      "text": "ちょうど近所まで来たもので、これどうぞ。",
      "tags": [],
      "collapsed": false,
      "checked": null,
      "subtext": "正好来到附近，这个请收下。来た读作きた。",
      "images": []
    },
    "sentence-research": {
      "id": "sentence-research",
      "parentId": "sentences",
      "children": [],
      "text": "ちょっとリサーチしてみるよ。……この想いは本気なんだ。",
      "tags": [],
      "collapsed": false,
      "checked": null,
      "subtext": "表现得像在开玩笑，但这份感情是认真的。",
      "images": []
    },
    "culture": {
      "id": "culture",
      "parentId": "jp-root",
      "children": [
        "three-slopes"
      ],
      "text": "文化与趣味表达",
      "tags": [],
      "collapsed": false,
      "checked": null,
      "subtext": "",
      "images": []
    },
    "three-slopes": {
      "id": "three-slopes",
      "parentId": "culture",
      "children": [],
      "text": "人生には三つの坂があるんですって。上り坂、下り坂、まさか。",
      "tags": [],
      "collapsed": false,
      "checked": null,
      "subtext": "坂（さか）与まさか（没想到）的谐音",
      "images": []
    }
  },
  "title": "日语学习笔记",
  "columns": [
    {
      "id": "col_outliner",
      "type": "outliner",
      "name": "Outline",
      "width": 320
    }
  ],
  "viewMode": "mindmap",
  "searchFocusMode": false
}